Loading module Cryptol

[error] at <interactive>:1:8--1:15:
  Incorrect type form.
    Expected: a numeric type
    Inferred: a value type

[error] at <interactive>:1:12--1:17:
  Malformed type.
    Kind '*' is not a function,
    but it was applied to 1 parameter.

[error] at <interactive>:1:3--1:6:
  Ambiguous numeric type: type argument 'n' of '(@)'
  Must be at least: 1

[error] at <interactive>:1:9--1:10:
  Matching would result in an infinite type.
    The type:  ?arg`771
    occurs in: ?arg`771 -> ?res
    When checking type of function argument
  where
  ?res is type of function result at <interactive>:1:1--1:10
  ?arg`771 is type of function argument at <interactive>:1:7--1:10

[error] at <interactive>:1:1--1:5:
  Unsolvable constraints:
    • fin inf
        arising from
        use of expression take
        at <interactive>:1:1--1:5
    • Reason: Expected a finite type, but found `inf`.

Parse error at <interactive>:1:8,
  unexpected: ,

[error] at <interactive>:1:1--1:5:
  Named and positional type applications may not be mixed.

[error] at <interactive>:1:1--1:5:
  Type mismatch:
    Expected type: Integer
    Inferred type: Bit
    When checking user annotation
Loading module Cryptol
Loading module Main

[error] at tc-errors-1.cry:1:9--1:12:
  Malformed type.
    Type variables cannot be applied to parameters.
Loading module Cryptol
Loading module Main

[error] at :1:1--1:11:
  Recursive type declarations:
    `Main::T`
Loading module Cryptol
Loading module Main

[error] at tc-errors-3.cry:2:1--2:6:
  Failed to validate user-specified signature.
    in the definition of 'Main::f', at tc-errors-3.cry:2:1--2:2,
    we need to show that
      for any type a
      the following constraints hold:
        • fin a
            arising from
            use of literal or demoted expression
            at tc-errors-3.cry:2:5--2:6
        • a >= 2
            arising from
            use of literal or demoted expression
            at tc-errors-3.cry:2:5--2:6
Loading module Cryptol
Loading module Main
[warning] at tc-errors-4.cry:1:10--1:11:
  Assuming _ to have a numeric type

[error] at tc-errors-4.cry:1:10--1:11:
  Wild card types are not allowed in this context
    (e.g., they cannot be used in type synonyms).
Loading module Cryptol
Loading module Main

[error] at tc-errors-5.cry:2:5--2:7:
  Inferred type is not sufficiently polymorphic.
    Quantified variable: a`767
    cannot match type: [0]?a`769
    When checking the type of 'Main::f'
  where
  ?a`769 is type of sequence member at tc-errors-5.cry:2:5--2:7
  a`767 is signature variable 'a' at tc-errors-5.cry:1:6--1:7
Loading module Cryptol
Loading module Main

[error] at tc-errors-6.cry:4:7--4:8:
  The type ?x`770 is not sufficiently polymorphic.
    It cannot depend on quantified variables: b`771
    When checking the type of 'Main::g'
  where
  ?x`770 is the type of 'x' at tc-errors-6.cry:1:3--1:4
  b`771 is signature variable 'b' at tc-errors-6.cry:3:8--3:9
