Loading module Cryptol
Showing a specific instance of polymorphic result:
  * Using 'Rational' for type argument 'a' of 'Cryptol::fraction'
(ratio 1 2)

[error] at <interactive>:1:1--1:8:
  Unsolvable constraints:
    • Integral ?a`776
        arising from
        use of expression (/)
        at <interactive>:1:1--1:8
    • FLiteral 1 1 0 ?a`776
        arising from
        use of fractional literal
        at <interactive>:1:1--1:8
    • Reason: Mutually exclusive goals
  where
  ?a`776 is type argument 'a' of 'fraction' at <interactive>:1:1--1:8
